11-01 20:57:53 com_github_MitjaNemec_ReplicateLayout.action_replicate_layout 409:Plugin executed on: 'win32'
11-01 20:57:53 com_github_MitjaNemec_ReplicateLayout.action_replicate_layout 410:Plugin executed with python version: '3.11.5 (main, Sep 17 2025, 01:04:48) [MSC v.1944 64 bit (AMD64)]'
11-01 20:57:53 com_github_MitjaNemec_ReplicateLayout.action_replicate_layout 411:KiCad build version: 9.0.5
11-01 20:57:53 com_github_MitjaNemec_ReplicateLayout.action_replicate_layout 412:Plugin version: 4.0.3
11-01 20:57:53 com_github_MitjaNemec_ReplicateLayout.action_replicate_layout 413:Frame repr: <wx._core.Frame object at 0x000001CC7F974430>
11-01 20:57:53 com_github_MitjaNemec_ReplicateLayout.action_replicate_layout 437:Preparing replicator with J2 as a reference
11-01 20:57:53 com_github_MitjaNemec_ReplicateLayout.replicate_layout 117:getting a list of all footprints on board
11-01 20:57:53 com_github_MitjaNemec_ReplicateLayout.action_replicate_layout 485:source anchor footprint is 'J2'
Located on: ['/FRONT_ACC1/']
With filenames: ['output.kicad_sch']
With sheet_id:['/FRONT_ACC1/']
11-01 20:57:53 com_github_MitjaNemec_ReplicateLayout.action_replicate_layout 492:Corresponding footprints are 
[('J3', ['/REAR_ACC1/']), ('J4', ['/TEL_ACC1/']), ('J2', ['/FRONT_ACC1/'])]
11-01 20:57:53 com_github_MitjaNemec_ReplicateLayout.action_replicate_layout 504:Showing dialog
11-01 20:57:53 com_github_MitjaNemec_ReplicateLayout.replicate_layout 472:constructing a list of sheets suitable for replication on level:'/FRONT_ACC1/', file:'output.kicad_sch'
11-01 20:57:53 com_github_MitjaNemec_ReplicateLayout.replicate_layout 509:suitable sheets are:[['/REAR_ACC1/'], ['/TEL_ACC1/']]
11-01 20:57:54 com_github_MitjaNemec_ReplicateLayout.replicate_layout 1512:Level selected: ['/FRONT_ACC1/']
11-01 20:57:54 com_github_MitjaNemec_ReplicateLayout.replicate_layout 1336:Filtering list of tracks
11-01 20:57:54 com_github_MitjaNemec_ReplicateLayout.action_replicate_layout 510:Toolbar position: wx.Point(1562, 168)
11-01 20:57:54 com_github_MitjaNemec_ReplicateLayout.action_replicate_layout 515:Dialog position: wx.Point(1123, 168)
11-01 20:57:57 com_github_MitjaNemec_ReplicateLayout.replicate_layout 472:constructing a list of sheets suitable for replication on level:'/FRONT_ACC1/', file:'output.kicad_sch'
11-01 20:57:57 com_github_MitjaNemec_ReplicateLayout.replicate_layout 509:suitable sheets are:[['/REAR_ACC1/'], ['/TEL_ACC1/']]
11-01 20:57:57 com_github_MitjaNemec_ReplicateLayout.action_replicate_layout 248:Replicating layout
11-01 20:57:57 com_github_MitjaNemec_ReplicateLayout.replicate_layout 288:Starting replication of sheets: [['/REAR_ACC1/'], ['/TEL_ACC1/']]
on level: ['/FRONT_ACC1/']
with tracks=True, zone=True, text=True, text=True, intersecting=False, remove=True, locked footprints=False, group_only=False
11-01 20:57:57 root 340:updating GUI message: 'Preparing for replication'
11-01 20:57:57 root 345:updating GUI with: 0
11-01 20:57:57 com_github_MitjaNemec_ReplicateLayout.replicate_layout 358:Getting the list of source footprints
11-01 20:57:57 com_github_MitjaNemec_ReplicateLayout.replicate_layout 368:Getting the list of all the remaining footprints
11-01 20:57:57 com_github_MitjaNemec_ReplicateLayout.replicate_layout 375:Getting source tracks
11-01 20:57:57 com_github_MitjaNemec_ReplicateLayout.replicate_layout 1336:Filtering list of tracks
11-01 20:57:57 com_github_MitjaNemec_ReplicateLayout.replicate_layout 379:Getting source zones
11-01 20:57:57 com_github_MitjaNemec_ReplicateLayout.replicate_layout 383:Getting source text items
11-01 20:57:57 com_github_MitjaNemec_ReplicateLayout.replicate_layout 387:Getting source drawing items
11-01 20:57:57 com_github_MitjaNemec_ReplicateLayout.replicate_layout 320:Removing tracks and zones, before footprint placement
11-01 20:57:57 root 340:updating GUI message: 'Removing zones and tracks'
11-01 20:57:57 root 345:updating GUI with: 0
11-01 20:57:57 com_github_MitjaNemec_ReplicateLayout.replicate_layout 1282:Remove bounding box top:64050000, bottom:90950000, Left:158138750, Right:209861251
11-01 20:57:57 root 345:updating GUI with: 50
11-01 20:57:57 com_github_MitjaNemec_ReplicateLayout.replicate_layout 1282:Remove bounding box top:108138750, bottom:159861251, Left:169050000, Right:195950000
11-01 20:57:57 root 340:updating GUI message: 'Replicating footprints'
11-01 20:57:57 com_github_MitjaNemec_ReplicateLayout.replicate_layout 863:Replicating footprints
11-01 20:57:57 com_github_MitjaNemec_ReplicateLayout.replicate_layout 870:Replicating footprints on sheet ['/REAR_ACC1/']
11-01 20:57:57 com_github_MitjaNemec_ReplicateLayout.replicate_layout 835:Src fp.id: 'C46F9310-0ED5-4212-A563-80EF352DB7C5'
11-01 20:57:57 com_github_MitjaNemec_ReplicateLayout.replicate_layout 839:Dst fp.id: 'C46F9310-0ED5-4212-A563-80EF352DB7C5'
11-01 20:57:57 com_github_MitjaNemec_ReplicateLayout.replicate_layout 888:Replicating footprint: 'J5'
11-01 20:57:57 com_github_MitjaNemec_ReplicateLayout.replicate_layout 835:Src fp.id: '3F290C78-A44F-4695-A8C7-7CDDE61EB086'
11-01 20:57:57 com_github_MitjaNemec_ReplicateLayout.replicate_layout 839:Dst fp.id: '3F290C78-A44F-4695-A8C7-7CDDE61EB086'
11-01 20:57:57 com_github_MitjaNemec_ReplicateLayout.replicate_layout 895:found match in dst footprint: 'J6'
11-01 20:57:57 com_github_MitjaNemec_ReplicateLayout.replicate_layout 990:Src text UUid:21b5db23-14e6-432f-bb36-b1cc6aceb0c2
11-01 20:57:57 com_github_MitjaNemec_ReplicateLayout.replicate_layout 991:Dst text UUid:2d1157b7-c093-4dd5-9c63-4e8cc22b2076
11-01 20:57:57 com_github_MitjaNemec_ReplicateLayout.replicate_layout 990:Src text UUid:40d1dfff-9edb-4380-9021-194c63505c35
11-01 20:57:57 com_github_MitjaNemec_ReplicateLayout.replicate_layout 991:Dst text UUid:c8d06a21-c149-44c7-b99c-e10dcaed5419
11-01 20:57:57 com_github_MitjaNemec_ReplicateLayout.replicate_layout 990:Src text UUid:c5ddbf54-faf3-4812-adeb-32f2f31db5b7
11-01 20:57:57 com_github_MitjaNemec_ReplicateLayout.replicate_layout 991:Dst text UUid:793582c1-434b-40dc-ae42-7781813d6410
11-01 20:57:57 com_github_MitjaNemec_ReplicateLayout.replicate_layout 888:Replicating footprint: 'D3'
11-01 20:57:57 com_github_MitjaNemec_ReplicateLayout.replicate_layout 835:Src fp.id: '68EF1FD2-CE0B-4D41-828E-8A490A67EFD0'
11-01 20:57:57 com_github_MitjaNemec_ReplicateLayout.replicate_layout 839:Dst fp.id: '68EF1FD2-CE0B-4D41-828E-8A490A67EFD0'
11-01 20:57:57 com_github_MitjaNemec_ReplicateLayout.replicate_layout 895:found match in dst footprint: 'D4'
11-01 20:57:57 com_github_MitjaNemec_ReplicateLayout.replicate_layout 990:Src text UUid:6615e5c5-6a4c-48f8-a910-4069daa1d293
11-01 20:57:57 com_github_MitjaNemec_ReplicateLayout.replicate_layout 991:Dst text UUid:dca3bd4f-6703-47d4-b206-0065d8e2c6b4
11-01 20:57:57 com_github_MitjaNemec_ReplicateLayout.replicate_layout 990:Src text UUid:c90fe2fe-70c9-46a4-a60c-29cb85be8771
11-01 20:57:57 com_github_MitjaNemec_ReplicateLayout.replicate_layout 991:Dst text UUid:18ca3e12-85e8-40f2-8595-26cc645a3fbd
11-01 20:57:57 com_github_MitjaNemec_ReplicateLayout.replicate_layout 990:Src text UUid:30c8bd38-825a-4a2a-98f6-a643487d3988
11-01 20:57:57 com_github_MitjaNemec_ReplicateLayout.replicate_layout 991:Dst text UUid:84b54293-99e5-4403-aeb1-a5643f4cf25c
11-01 20:57:57 com_github_MitjaNemec_ReplicateLayout.replicate_layout 888:Replicating footprint: 'F1'
11-01 20:57:57 com_github_MitjaNemec_ReplicateLayout.replicate_layout 835:Src fp.id: '5C52018F-5368-42E8-A5A7-FF0415DAAF60'
11-01 20:57:57 com_github_MitjaNemec_ReplicateLayout.replicate_layout 839:Dst fp.id: '5C52018F-5368-42E8-A5A7-FF0415DAAF60'
11-01 20:57:57 com_github_MitjaNemec_ReplicateLayout.replicate_layout 895:found match in dst footprint: 'F2'
11-01 20:57:57 com_github_MitjaNemec_ReplicateLayout.replicate_layout 990:Src text UUid:307a567b-2bc3-49e1-b76c-74bece307612
11-01 20:57:57 com_github_MitjaNemec_ReplicateLayout.replicate_layout 991:Dst text UUid:22a547c3-3f32-4ec6-b060-6b327e4838c8
11-01 20:57:57 com_github_MitjaNemec_ReplicateLayout.replicate_layout 990:Src text UUid:b618a0dc-e5e8-4d20-aab4-4dfeab068906
11-01 20:57:57 com_github_MitjaNemec_ReplicateLayout.replicate_layout 991:Dst text UUid:64232e8e-4cec-43de-8bee-597668e4176a
11-01 20:57:57 com_github_MitjaNemec_ReplicateLayout.replicate_layout 990:Src text UUid:37a0d1f6-531b-4f9a-ac76-82b132e3d3cd
11-01 20:57:57 com_github_MitjaNemec_ReplicateLayout.replicate_layout 991:Dst text UUid:ea96c53e-051e-49eb-881d-730f04607e66
11-01 20:57:57 com_github_MitjaNemec_ReplicateLayout.replicate_layout 888:Replicating footprint: 'R5'
11-01 20:57:57 com_github_MitjaNemec_ReplicateLayout.replicate_layout 835:Src fp.id: '407E22AC-D1D0-4B87-B7A6-B550A7019A8F'
11-01 20:57:57 com_github_MitjaNemec_ReplicateLayout.replicate_layout 839:Dst fp.id: '407E22AC-D1D0-4B87-B7A6-B550A7019A8F'
11-01 20:57:57 com_github_MitjaNemec_ReplicateLayout.replicate_layout 895:found match in dst footprint: 'R6'
11-01 20:57:57 com_github_MitjaNemec_ReplicateLayout.replicate_layout 990:Src text UUid:6b5a907c-080f-41de-81c5-8b20c5c1ff0a
11-01 20:57:57 com_github_MitjaNemec_ReplicateLayout.replicate_layout 991:Dst text UUid:1a4c9768-c700-4b3b-93b5-f244239446e3
11-01 20:57:57 com_github_MitjaNemec_ReplicateLayout.replicate_layout 990:Src text UUid:101714e8-8854-4983-b45f-81a6f7e07fa7
11-01 20:57:57 com_github_MitjaNemec_ReplicateLayout.replicate_layout 991:Dst text UUid:f5a0bb7f-a17c-45fa-8374-b702e8d55474
11-01 20:57:57 com_github_MitjaNemec_ReplicateLayout.replicate_layout 990:Src text UUid:edab2aa5-2457-49e9-b680-a334b82372d9
11-01 20:57:57 com_github_MitjaNemec_ReplicateLayout.replicate_layout 991:Dst text UUid:88faba0d-ad8e-4749-9964-a032998c237c
11-01 20:57:57 com_github_MitjaNemec_ReplicateLayout.replicate_layout 888:Replicating footprint: 'R2'
11-01 20:57:57 com_github_MitjaNemec_ReplicateLayout.replicate_layout 835:Src fp.id: '8F93C0A5-818C-4FE3-AE57-8487838CAB08'
11-01 20:57:57 com_github_MitjaNemec_ReplicateLayout.replicate_layout 839:Dst fp.id: '8F93C0A5-818C-4FE3-AE57-8487838CAB08'
11-01 20:57:57 com_github_MitjaNemec_ReplicateLayout.replicate_layout 895:found match in dst footprint: 'R3'
11-01 20:57:57 com_github_MitjaNemec_ReplicateLayout.replicate_layout 990:Src text UUid:32915d39-7be0-4d36-995c-566725beb751
11-01 20:57:57 com_github_MitjaNemec_ReplicateLayout.replicate_layout 991:Dst text UUid:8a7b186a-d3bb-448b-9736-6889d85ab6f4
11-01 20:57:57 com_github_MitjaNemec_ReplicateLayout.replicate_layout 990:Src text UUid:c2647c30-298e-4e53-a0f8-2d6b4906e9f9
11-01 20:57:57 com_github_MitjaNemec_ReplicateLayout.replicate_layout 991:Dst text UUid:8232113a-8a7a-498a-9367-bfab47a1c16d
11-01 20:57:57 com_github_MitjaNemec_ReplicateLayout.replicate_layout 990:Src text UUid:83e0c1cc-8762-422c-bd9f-812a985330d9
11-01 20:57:57 com_github_MitjaNemec_ReplicateLayout.replicate_layout 991:Dst text UUid:7fae8bfa-9d4e-43bb-88d8-6185c1974025
11-01 20:57:57 com_github_MitjaNemec_ReplicateLayout.replicate_layout 888:Replicating footprint: 'J2'
11-01 20:57:57 com_github_MitjaNemec_ReplicateLayout.replicate_layout 835:Src fp.id: 'C46F9310-0ED5-4212-A563-80EF352DB7C5'
11-01 20:57:57 com_github_MitjaNemec_ReplicateLayout.replicate_layout 839:Dst fp.id: 'C46F9310-0ED5-4212-A563-80EF352DB7C5'
11-01 20:57:57 com_github_MitjaNemec_ReplicateLayout.replicate_layout 895:found match in dst footprint: 'J3'
11-01 20:57:57 com_github_MitjaNemec_ReplicateLayout.replicate_layout 990:Src text UUid:af248ff1-917a-4c86-9f26-dfb80473abd4
11-01 20:57:57 com_github_MitjaNemec_ReplicateLayout.replicate_layout 991:Dst text UUid:21c68e9d-3c4e-4d3e-9ea9-cb1285428299
11-01 20:57:57 com_github_MitjaNemec_ReplicateLayout.replicate_layout 990:Src text UUid:c2e7dd49-040e-403e-ba2c-2bdea97a072b
11-01 20:57:57 com_github_MitjaNemec_ReplicateLayout.replicate_layout 991:Dst text UUid:77702a81-609b-4837-a254-943ed0a9825c
11-01 20:57:57 com_github_MitjaNemec_ReplicateLayout.replicate_layout 990:Src text UUid:43ac2038-d957-415b-90ee-33e031b71722
11-01 20:57:57 com_github_MitjaNemec_ReplicateLayout.replicate_layout 991:Dst text UUid:1b1f7f13-fa44-4ccf-a585-d0172c79e887
11-01 20:57:57 root 345:updating GUI with: 50
11-01 20:57:57 com_github_MitjaNemec_ReplicateLayout.replicate_layout 870:Replicating footprints on sheet ['/TEL_ACC1/']
11-01 20:57:57 com_github_MitjaNemec_ReplicateLayout.replicate_layout 835:Src fp.id: 'C46F9310-0ED5-4212-A563-80EF352DB7C5'
11-01 20:57:57 com_github_MitjaNemec_ReplicateLayout.replicate_layout 839:Dst fp.id: 'C46F9310-0ED5-4212-A563-80EF352DB7C5'
11-01 20:57:57 com_github_MitjaNemec_ReplicateLayout.replicate_layout 888:Replicating footprint: 'J5'
11-01 20:57:57 com_github_MitjaNemec_ReplicateLayout.replicate_layout 835:Src fp.id: '3F290C78-A44F-4695-A8C7-7CDDE61EB086'
11-01 20:57:57 com_github_MitjaNemec_ReplicateLayout.replicate_layout 839:Dst fp.id: '3F290C78-A44F-4695-A8C7-7CDDE61EB086'
11-01 20:57:57 com_github_MitjaNemec_ReplicateLayout.replicate_layout 895:found match in dst footprint: 'J7'
11-01 20:57:57 com_github_MitjaNemec_ReplicateLayout.replicate_layout 990:Src text UUid:21b5db23-14e6-432f-bb36-b1cc6aceb0c2
11-01 20:57:57 com_github_MitjaNemec_ReplicateLayout.replicate_layout 991:Dst text UUid:39e97edb-a30f-4446-8d2b-015135599dc0
11-01 20:57:57 com_github_MitjaNemec_ReplicateLayout.replicate_layout 990:Src text UUid:40d1dfff-9edb-4380-9021-194c63505c35
11-01 20:57:57 com_github_MitjaNemec_ReplicateLayout.replicate_layout 991:Dst text UUid:c311e156-3cb1-438f-bf56-52133f265fe9
11-01 20:57:57 com_github_MitjaNemec_ReplicateLayout.replicate_layout 990:Src text UUid:c5ddbf54-faf3-4812-adeb-32f2f31db5b7
11-01 20:57:57 com_github_MitjaNemec_ReplicateLayout.replicate_layout 991:Dst text UUid:3990f4b4-0ee7-4fc8-85fc-f418a225d21f
11-01 20:57:57 com_github_MitjaNemec_ReplicateLayout.replicate_layout 888:Replicating footprint: 'D3'
11-01 20:57:57 com_github_MitjaNemec_ReplicateLayout.replicate_layout 835:Src fp.id: '68EF1FD2-CE0B-4D41-828E-8A490A67EFD0'
11-01 20:57:57 com_github_MitjaNemec_ReplicateLayout.replicate_layout 839:Dst fp.id: '68EF1FD2-CE0B-4D41-828E-8A490A67EFD0'
11-01 20:57:57 com_github_MitjaNemec_ReplicateLayout.replicate_layout 895:found match in dst footprint: 'D5'
11-01 20:57:57 com_github_MitjaNemec_ReplicateLayout.replicate_layout 990:Src text UUid:6615e5c5-6a4c-48f8-a910-4069daa1d293
11-01 20:57:57 com_github_MitjaNemec_ReplicateLayout.replicate_layout 991:Dst text UUid:a9e1b9cb-72af-4576-9443-d150ce375d62
11-01 20:57:57 com_github_MitjaNemec_ReplicateLayout.replicate_layout 990:Src text UUid:c90fe2fe-70c9-46a4-a60c-29cb85be8771
11-01 20:57:57 com_github_MitjaNemec_ReplicateLayout.replicate_layout 991:Dst text UUid:8ac4a245-e6e8-4e68-92d2-225017dbe6f8
11-01 20:57:57 com_github_MitjaNemec_ReplicateLayout.replicate_layout 990:Src text UUid:30c8bd38-825a-4a2a-98f6-a643487d3988
11-01 20:57:57 com_github_MitjaNemec_ReplicateLayout.replicate_layout 991:Dst text UUid:8e492fb7-170f-43a5-a2e1-201fe7817b66
11-01 20:57:57 com_github_MitjaNemec_ReplicateLayout.replicate_layout 888:Replicating footprint: 'F1'
11-01 20:57:57 com_github_MitjaNemec_ReplicateLayout.replicate_layout 835:Src fp.id: '5C52018F-5368-42E8-A5A7-FF0415DAAF60'
11-01 20:57:57 com_github_MitjaNemec_ReplicateLayout.replicate_layout 839:Dst fp.id: '5C52018F-5368-42E8-A5A7-FF0415DAAF60'
11-01 20:57:57 com_github_MitjaNemec_ReplicateLayout.replicate_layout 895:found match in dst footprint: 'F3'
11-01 20:57:57 com_github_MitjaNemec_ReplicateLayout.replicate_layout 990:Src text UUid:307a567b-2bc3-49e1-b76c-74bece307612
11-01 20:57:57 com_github_MitjaNemec_ReplicateLayout.replicate_layout 991:Dst text UUid:98b298d5-187b-4102-8000-4ea7ba8e2d8a
11-01 20:57:57 com_github_MitjaNemec_ReplicateLayout.replicate_layout 990:Src text UUid:b618a0dc-e5e8-4d20-aab4-4dfeab068906
11-01 20:57:57 com_github_MitjaNemec_ReplicateLayout.replicate_layout 991:Dst text UUid:6abe822b-3247-4bd9-82a5-6d9ee389e2fa
11-01 20:57:57 com_github_MitjaNemec_ReplicateLayout.replicate_layout 990:Src text UUid:37a0d1f6-531b-4f9a-ac76-82b132e3d3cd
11-01 20:57:57 com_github_MitjaNemec_ReplicateLayout.replicate_layout 991:Dst text UUid:4e9b8915-ce7e-477d-88e8-9848b9658dd7
11-01 20:57:57 com_github_MitjaNemec_ReplicateLayout.replicate_layout 888:Replicating footprint: 'R5'
11-01 20:57:57 com_github_MitjaNemec_ReplicateLayout.replicate_layout 835:Src fp.id: '407E22AC-D1D0-4B87-B7A6-B550A7019A8F'
11-01 20:57:57 com_github_MitjaNemec_ReplicateLayout.replicate_layout 839:Dst fp.id: '407E22AC-D1D0-4B87-B7A6-B550A7019A8F'
11-01 20:57:57 com_github_MitjaNemec_ReplicateLayout.replicate_layout 895:found match in dst footprint: 'R7'
11-01 20:57:57 com_github_MitjaNemec_ReplicateLayout.replicate_layout 990:Src text UUid:6b5a907c-080f-41de-81c5-8b20c5c1ff0a
11-01 20:57:57 com_github_MitjaNemec_ReplicateLayout.replicate_layout 991:Dst text UUid:c98679c4-c4b8-46d4-90e2-aa5d576851ca
11-01 20:57:57 com_github_MitjaNemec_ReplicateLayout.replicate_layout 990:Src text UUid:101714e8-8854-4983-b45f-81a6f7e07fa7
11-01 20:57:57 com_github_MitjaNemec_ReplicateLayout.replicate_layout 991:Dst text UUid:1c4e34e6-5dbb-458f-aeca-c7de40ff2c63
11-01 20:57:57 com_github_MitjaNemec_ReplicateLayout.replicate_layout 990:Src text UUid:edab2aa5-2457-49e9-b680-a334b82372d9
11-01 20:57:57 com_github_MitjaNemec_ReplicateLayout.replicate_layout 991:Dst text UUid:3a4fe821-8aee-4caa-8919-eb30feb5466b
11-01 20:57:57 com_github_MitjaNemec_ReplicateLayout.replicate_layout 888:Replicating footprint: 'R2'
11-01 20:57:57 com_github_MitjaNemec_ReplicateLayout.replicate_layout 835:Src fp.id: '8F93C0A5-818C-4FE3-AE57-8487838CAB08'
11-01 20:57:57 com_github_MitjaNemec_ReplicateLayout.replicate_layout 839:Dst fp.id: '8F93C0A5-818C-4FE3-AE57-8487838CAB08'
11-01 20:57:57 com_github_MitjaNemec_ReplicateLayout.replicate_layout 895:found match in dst footprint: 'R4'
11-01 20:57:57 com_github_MitjaNemec_ReplicateLayout.replicate_layout 990:Src text UUid:32915d39-7be0-4d36-995c-566725beb751
11-01 20:57:57 com_github_MitjaNemec_ReplicateLayout.replicate_layout 991:Dst text UUid:86f318e1-7ce7-4f26-95b9-5861774db9ce
11-01 20:57:57 com_github_MitjaNemec_ReplicateLayout.replicate_layout 990:Src text UUid:c2647c30-298e-4e53-a0f8-2d6b4906e9f9
11-01 20:57:57 com_github_MitjaNemec_ReplicateLayout.replicate_layout 991:Dst text UUid:cef178c9-f812-4cfc-89d7-8cb053f48b98
11-01 20:57:57 com_github_MitjaNemec_ReplicateLayout.replicate_layout 990:Src text UUid:83e0c1cc-8762-422c-bd9f-812a985330d9
11-01 20:57:57 com_github_MitjaNemec_ReplicateLayout.replicate_layout 991:Dst text UUid:914076ab-d9e9-4788-877a-435ecb64478b
11-01 20:57:57 com_github_MitjaNemec_ReplicateLayout.replicate_layout 888:Replicating footprint: 'J2'
11-01 20:57:57 com_github_MitjaNemec_ReplicateLayout.replicate_layout 835:Src fp.id: 'C46F9310-0ED5-4212-A563-80EF352DB7C5'
11-01 20:57:57 com_github_MitjaNemec_ReplicateLayout.replicate_layout 839:Dst fp.id: 'C46F9310-0ED5-4212-A563-80EF352DB7C5'
11-01 20:57:57 com_github_MitjaNemec_ReplicateLayout.replicate_layout 895:found match in dst footprint: 'J4'
11-01 20:57:57 com_github_MitjaNemec_ReplicateLayout.replicate_layout 990:Src text UUid:af248ff1-917a-4c86-9f26-dfb80473abd4
11-01 20:57:57 com_github_MitjaNemec_ReplicateLayout.replicate_layout 991:Dst text UUid:f9fea8d4-4ae8-40de-a9f9-692ccc4e7e77
11-01 20:57:57 com_github_MitjaNemec_ReplicateLayout.replicate_layout 990:Src text UUid:c2e7dd49-040e-403e-ba2c-2bdea97a072b
11-01 20:57:57 com_github_MitjaNemec_ReplicateLayout.replicate_layout 991:Dst text UUid:8dac9a75-fc4f-4c59-aed4-0a389eb13aca
11-01 20:57:57 com_github_MitjaNemec_ReplicateLayout.replicate_layout 990:Src text UUid:43ac2038-d957-415b-90ee-33e031b71722
11-01 20:57:57 com_github_MitjaNemec_ReplicateLayout.replicate_layout 991:Dst text UUid:6815e56e-e843-4582-b021-0ec7b50ee702
11-01 20:57:57 com_github_MitjaNemec_ReplicateLayout.replicate_layout 328:Removing tracks and zones, after footprint placement
11-01 20:57:57 root 340:updating GUI message: 'Removing zones and tracks'
11-01 20:57:57 com_github_MitjaNemec_ReplicateLayout.replicate_layout 1282:Remove bounding box top:64050000, bottom:90950000, Left:153225001, Right:209861251
11-01 20:57:57 com_github_MitjaNemec_ReplicateLayout.replicate_layout 1282:Remove bounding box top:103225001, bottom:159861251, Left:169050000, Right:195950000
11-01 20:57:57 root 340:updating GUI message: 'Replicating tracks'
11-01 20:57:57 com_github_MitjaNemec_ReplicateLayout.replicate_layout 1014:Replicating tracks
11-01 20:57:57 com_github_MitjaNemec_ReplicateLayout.replicate_layout 1020:Replicating tracks on sheet ['/REAR_ACC1/']
11-01 20:57:57 com_github_MitjaNemec_ReplicateLayout.replicate_layout 835:Src fp.id: 'C46F9310-0ED5-4212-A563-80EF352DB7C5'
11-01 20:57:57 com_github_MitjaNemec_ReplicateLayout.replicate_layout 839:Dst fp.id: 'C46F9310-0ED5-4212-A563-80EF352DB7C5'
11-01 20:57:57 com_github_MitjaNemec_ReplicateLayout.replicate_layout 792:Net pairs for sheet ['/REAR_ACC1/'] :[('', ''), ('Net-(D3-A)', 'Net-(D4-A)'), ('+12V', '+12V'), ('Net-(J5-Pin_1)', 'Net-(J6-Pin_1)'), ('GND', 'GND'), ('Net-(J2-Pin_2)', 'Net-(J3-Pin_2)')]
11-01 20:57:57 com_github_MitjaNemec_ReplicateLayout.replicate_layout 1020:Replicating tracks on sheet ['/TEL_ACC1/']
11-01 20:57:57 com_github_MitjaNemec_ReplicateLayout.replicate_layout 835:Src fp.id: 'C46F9310-0ED5-4212-A563-80EF352DB7C5'
11-01 20:57:57 com_github_MitjaNemec_ReplicateLayout.replicate_layout 839:Dst fp.id: 'C46F9310-0ED5-4212-A563-80EF352DB7C5'
11-01 20:57:57 com_github_MitjaNemec_ReplicateLayout.replicate_layout 792:Net pairs for sheet ['/TEL_ACC1/'] :[('', ''), ('+12V', '+12V'), ('Net-(D3-A)', 'Net-(D5-A)'), ('GND', 'GND'), ('Net-(J2-Pin_2)', 'Net-(J4-Pin_2)'), ('Net-(J5-Pin_1)', 'Net-(J7-Pin_1)')]
11-01 20:57:57 root 345:updating GUI with: 53
11-01 20:57:57 root 340:updating GUI message: 'Replicating zones'
11-01 20:57:57 com_github_MitjaNemec_ReplicateLayout.replicate_layout 1084:Replicating zones
11-01 20:57:57 com_github_MitjaNemec_ReplicateLayout.replicate_layout 1091:Replicating zones on sheet ['/REAR_ACC1/']
11-01 20:57:57 com_github_MitjaNemec_ReplicateLayout.replicate_layout 835:Src fp.id: 'C46F9310-0ED5-4212-A563-80EF352DB7C5'
11-01 20:57:57 com_github_MitjaNemec_ReplicateLayout.replicate_layout 839:Dst fp.id: 'C46F9310-0ED5-4212-A563-80EF352DB7C5'
11-01 20:57:57 com_github_MitjaNemec_ReplicateLayout.replicate_layout 792:Net pairs for sheet ['/REAR_ACC1/'] :[('', ''), ('Net-(D3-A)', 'Net-(D4-A)'), ('+12V', '+12V'), ('Net-(J5-Pin_1)', 'Net-(J6-Pin_1)'), ('GND', 'GND'), ('Net-(J2-Pin_2)', 'Net-(J3-Pin_2)')]
11-01 20:57:57 com_github_MitjaNemec_ReplicateLayout.replicate_layout 1091:Replicating zones on sheet ['/TEL_ACC1/']
11-01 20:57:57 com_github_MitjaNemec_ReplicateLayout.replicate_layout 835:Src fp.id: 'C46F9310-0ED5-4212-A563-80EF352DB7C5'
11-01 20:57:57 com_github_MitjaNemec_ReplicateLayout.replicate_layout 839:Dst fp.id: 'C46F9310-0ED5-4212-A563-80EF352DB7C5'
11-01 20:57:57 com_github_MitjaNemec_ReplicateLayout.replicate_layout 792:Net pairs for sheet ['/TEL_ACC1/'] :[('', ''), ('+12V', '+12V'), ('Net-(D3-A)', 'Net-(D5-A)'), ('GND', 'GND'), ('Net-(J2-Pin_2)', 'Net-(J4-Pin_2)'), ('Net-(J5-Pin_1)', 'Net-(J7-Pin_1)')]
11-01 20:57:57 root 340:updating GUI message: 'Replicating text'
11-01 20:57:57 com_github_MitjaNemec_ReplicateLayout.replicate_layout 1173:Replicating text
11-01 20:57:57 com_github_MitjaNemec_ReplicateLayout.replicate_layout 1180:Replicating text on sheet ['/REAR_ACC1/']
11-01 20:57:57 com_github_MitjaNemec_ReplicateLayout.replicate_layout 835:Src fp.id: 'C46F9310-0ED5-4212-A563-80EF352DB7C5'
11-01 20:57:57 com_github_MitjaNemec_ReplicateLayout.replicate_layout 839:Dst fp.id: 'C46F9310-0ED5-4212-A563-80EF352DB7C5'
11-01 20:57:57 com_github_MitjaNemec_ReplicateLayout.replicate_layout 1180:Replicating text on sheet ['/TEL_ACC1/']
11-01 20:57:57 com_github_MitjaNemec_ReplicateLayout.replicate_layout 835:Src fp.id: 'C46F9310-0ED5-4212-A563-80EF352DB7C5'
11-01 20:57:57 com_github_MitjaNemec_ReplicateLayout.replicate_layout 839:Dst fp.id: 'C46F9310-0ED5-4212-A563-80EF352DB7C5'
11-01 20:57:57 root 340:updating GUI message: 'Replicating drawings'
11-01 20:57:57 com_github_MitjaNemec_ReplicateLayout.replicate_layout 1224:Replicating drawings
11-01 20:57:57 com_github_MitjaNemec_ReplicateLayout.replicate_layout 1230:Replicating drawings on sheet ['/REAR_ACC1/']
11-01 20:57:57 com_github_MitjaNemec_ReplicateLayout.replicate_layout 835:Src fp.id: 'C46F9310-0ED5-4212-A563-80EF352DB7C5'
11-01 20:57:57 com_github_MitjaNemec_ReplicateLayout.replicate_layout 839:Dst fp.id: 'C46F9310-0ED5-4212-A563-80EF352DB7C5'
11-01 20:57:57 com_github_MitjaNemec_ReplicateLayout.replicate_layout 1230:Replicating drawings on sheet ['/TEL_ACC1/']
11-01 20:57:57 com_github_MitjaNemec_ReplicateLayout.replicate_layout 835:Src fp.id: 'C46F9310-0ED5-4212-A563-80EF352DB7C5'
11-01 20:57:57 com_github_MitjaNemec_ReplicateLayout.replicate_layout 839:Dst fp.id: 'C46F9310-0ED5-4212-A563-80EF352DB7C5'
11-01 20:57:57 root 340:updating GUI message: 'Removing duplicates'
11-01 20:57:57 com_github_MitjaNemec_ReplicateLayout.action_replicate_layout 264:Replication complete
