FILE_TYPE=LIBRARY_PARTS;
PRIMITIVE 'ATF13_2P_BM03','ATF13_2P_BM03_Other';
  PIN
    '1':
      PIN_NUMBER='(1)';
      NO_LOAD_CHECK=BOTH;
      NO_IO_CHECK=BOTH;
      ALLOW_CONNECT=TRUE;
      PINUSE='UNSPEC';
    '2':
      PIN_NUMBER='(2)';
      NO_LOAD_CHECK=BOTH;
      NO_IO_CHECK=BOTH;
      ALLOW_CONNECT=TRUE;
      PINUSE='UNSPEC';
  END_PIN;
  BODY
    PART_NAME='ATF13_2P_BM03';
    PHYS_DES_PREFIX='J';
    NO_LOAD_CHECK='TRUE';
    PIN_COUNT='2';
    BODY_NAME='ATF13_2P_BM03';
    JEDEC_TYPE='ATF132PBM03';
  END_BODY;
END_PRIMITIVE;
END.
