10-31 21:47:18 com_github_MitjaNemec_ReplicateLayout.action_replicate_layout 409:Plugin executed on: 'win32'
10-31 21:47:18 com_github_MitjaNemec_ReplicateLayout.action_replicate_layout 410:Plugin executed with python version: '3.11.5 (main, Sep 17 2025, 01:04:48) [MSC v.1944 64 bit (AMD64)]'
10-31 21:47:18 com_github_MitjaNemec_ReplicateLayout.action_replicate_layout 411:KiCad build version: 9.0.5
10-31 21:47:18 com_github_MitjaNemec_ReplicateLayout.action_replicate_layout 412:Plugin version: 4.0.3
10-31 21:47:18 com_github_MitjaNemec_ReplicateLayout.action_replicate_layout 413:Frame repr: <wx._core.Frame object at 0x0000028E4178D3F0>
10-31 21:47:18 com_github_MitjaNemec_ReplicateLayout.action_replicate_layout 437:Preparing replicator with F1 as a reference
10-31 21:47:18 com_github_MitjaNemec_ReplicateLayout.replicate_layout 117:getting a list of all footprints on board
10-31 21:47:18 com_github_MitjaNemec_ReplicateLayout.action_replicate_layout 485:source anchor footprint is 'F1'
Located on: ['/FRONT_ACC1/']
With filenames: ['output.kicad_sch']
With sheet_id:['/FRONT_ACC1/']
10-31 21:47:18 com_github_MitjaNemec_ReplicateLayout.action_replicate_layout 492:Corresponding footprints are 
[('F2', ['/REAR_ACC1/']), ('F3', ['/TEL_ACC1/']), ('F1', ['/FRONT_ACC1/'])]
10-31 21:47:18 com_github_MitjaNemec_ReplicateLayout.action_replicate_layout 504:Showing dialog
10-31 21:47:18 com_github_MitjaNemec_ReplicateLayout.replicate_layout 472:constructing a list of sheets suitable for replication on level:'/FRONT_ACC1/', file:'output.kicad_sch'
10-31 21:47:18 com_github_MitjaNemec_ReplicateLayout.replicate_layout 509:suitable sheets are:[['/REAR_ACC1/'], ['/TEL_ACC1/']]
10-31 21:47:18 com_github_MitjaNemec_ReplicateLayout.replicate_layout 1512:Level selected: ['/FRONT_ACC1/']
10-31 21:47:18 com_github_MitjaNemec_ReplicateLayout.replicate_layout 1336:Filtering list of tracks
10-31 21:47:18 com_github_MitjaNemec_ReplicateLayout.action_replicate_layout 510:Toolbar position: wx.Point(1621, 142)
10-31 21:47:18 com_github_MitjaNemec_ReplicateLayout.action_replicate_layout 515:Dialog position: wx.Point(1182, 142)
10-31 21:47:25 com_github_MitjaNemec_ReplicateLayout.action_replicate_layout 329:User canceled the dialog
